[dotenv@17.3.1] injecting env (0) from .env -- tip: ⚙️  enable debug logging with { debug: true }
[dotenv@17.3.1] injecting env (0) from .env -- tip: 🤖 agentic secret storage: https://dotenvx.com/as2
[dotenv@17.3.1] injecting env (0) from .env -- tip: 🔐 prevent building .env in docker: https://dotenvx.com/prebuild
C:\Users\mihir\OneDrive\Desktop\Fleet\FleetFlow\backend\email.js:6
const apiKey = apiInstance.authentications["api-key"];
                                          ^

TypeError: Cannot read properties of undefined (reading 'api-key')
    at Object.<anonymous> (C:\Users\mihir\OneDrive\Desktop\Fleet\FleetFlow\backend\email.js:6:43)
    at Module._compile (node:internal/modules/cjs/loader:1761:14)
    at Object..js (node:internal/modules/cjs/loader:1893:10)
    at Module.load (node:internal/modules/cjs/loader:1481:32)
    at Module._load (node:internal/modules/cjs/loader:1300:12)
    at TracingChannel.traceSync (node:diagnostics_channel:328:14)
    at wrapModuleLoad (node:internal/modules/cjs/loader:245:24)
    at Module.require (node:internal/modules/cjs/loader:1504:12)
    at require (node:internal/modules/helpers:152:16)
    at Object.<anonymous> (C:\Users\mihir\OneDrive\Desktop\Fleet\FleetFlow\backend\routes.js:5:84)

Node.js v24.13.0
